
> stockvisor-frontend@0.0.0 test
> vitest run src/test/smoke/pages.smoke.test.jsx


[1m[30m[46m RUN [49m[39m[22m [36mv4.1.5 [39m[90mC:/Users/ranwa/Desktop/Uni/FINAL/Ryan Anwar 228939 GP/stockvisor-frontend[39m

 [31m???[39m src/test/smoke/pages.smoke.test.jsx [2m([22m[2m11 tests[22m[2m | [22m[31m2 failed[39m[2m)[22m[33m 1233[2mms[22m[39m
     [32m???[39m renders Home[32m 57[2mms[22m[39m
     [32m???[39m renders About[32m 22[2mms[22m[39m
[31m     [31m??[31m renders Portfolio[39m[33m 1046[2mms[22m[39m
     [32m???[39m renders Community[32m 13[2mms[22m[39m
     [32m???[39m renders DiscussionThread route[32m 31[2mms[22m[39m
     [32m???[39m renders News[32m 7[2mms[22m[39m
[31m     [31m??[31m renders Tips[39m[32m 15[2mms[22m[39m
     [32m???[39m renders AccountSettings[32m 11[2mms[22m[39m
     [32m???[39m renders Login[32m 7[2mms[22m[39m
     [32m???[39m renders Register[32m 8[2mms[22m[39m
     [32m???[39m renders AdminDashboard[32m 12[2mms[22m[39m

[2m Test Files [22m [1m[31m1 failed[39m[22m[90m (1)[39m
[2m      Tests [22m [1m[31m2 failed[39m[22m[2m | [22m[1m[32m9 passed[39m[22m[90m (11)[39m
[2m   Start at [22m 18:16:13
[2m   Duration [22m 4.29s[2m (transform 361ms, setup 352ms, import 465ms, tests 1.23s, environment 1.93s)[22m

